// Vitest Snapshot v1

exports[`Subscription > should generate nice string invoices 1`] = `
"Invoice from 01.01.2020 00:00 to 01.02.2020 00:00
	1: 01.01.2020 00:00 - 16.01.2020 00:00:
		15 days of 31 = 0.48%
		1$ * 50units = 50$
		0.48% * 50$ = 24.19$
	2: 16.01.2020 00:00 - 19.01.2020 00:00:
		3 days of 31 = 0.1%
		1.5$ * 50units = 75$
		0.1% * 75$ = 7.26$
	3: 19.01.2020 00:00 - 01.02.2020 00:00:
		13 days of 31 = 0.42%
		2$ * 50units = 100$
		0.42% * 100$ = 41.94$
Total: 73.39$"
`;
