// Vitest Snapshot v1, https://vitest.dev/guide/snapshot.html

exports[`Invoice endpoints > should get an html invoice 1`] = `
"<html>

<!-- Based on: https://github.com/sparksuite/simple-html-invoice-template -->

<head>
  <meta charset='utf-8' />
  <title>Invoice</title>

  <link rel=\\"stylesheet\\" href=\\"/static/styles/invoice.css\\" />
</head>

<body>
  <div class='invoice-box'>
    <table cellpadding='0' cellspacing='0'>
      <tr class='top'>
        <td colspan='3'>
          <table>
            <tr>
              <td class='title'>
                <img src='http://localhost/my-logo.png' style='width: 100%; max-width: 150px' />
              </td>

              <td>
                <div style=\\"text-align: left; width: fit-content; margin-left: auto\\">
                  <table>
                    <tr>
                      <td>Number:</td>
                      <td>INV-F1B-0B6H-002</td>
                    </tr>
                    <tr>
                      <td>Date:</td>
                      <td>01.02.2020</td>
                    </tr>
                  </table>
                </div>
              </td>
            </tr>
          </table>
        </td>
      </tr>

      <tr class='information'>
        <td colspan='3'>
          <table>
            <tr>
              <td>
                John Doe<br />
                BigBen Street 954<br />
                123<br />
                ENG-1234 London<br />
                GB
              </td>

              <td>
                <div style=\\"text-align: left; width: fit-content; margin-left: auto\\">
                  Test company<br />
                  My Street 123<br />
                  Postbox 321<br />
                  GB-12345 London<br />
                  GB<br />
                  test@example.tld
                </div>
              </td>
            </tr>
          </table>
        </td>
      </tr>

      <tr class='heading'>
        <td>Item</td>
        <td>Units</td>
        <td>Price</td>
      </tr>

      <tr class=\\"item\\">
        <td style=\\"white-space: pre-wrap;\\">Test item</td>
        <td>13</td>
        <td>12.34 €</td>
      </tr>
      <tr class=\\"item last\\">
        <td style=\\"white-space: pre-wrap;\\">Second test item</td>
        <td>1</td>
        <td>54.32 €</td>
      </tr>

      <tr class=\\"sum\\">
        <td></td>

        <td colspan=\\"2\\">
          <table>
            <tr>
              <td>Amount</td>
              <td>214.74 €</td>
            </tr>
            <tr>
              <td>Vat (19%)</td>
              <td>40.80 €</td>
            </tr>
            <tr class=\\"total\\">
              <td>Total</td>
              <td>255.54 €</td>
            </tr>
          </table>
        </td>
      </tr>
    </table>

    <p>The total amount will be debited from your bank account soon.</p>
  </div>
</body>

</html>"
`;
